// Jest Snapshot v1, https://goo.gl/fbAQLP

exports[`renders NotFound with snapshot 1`] = `
<DocumentFragment>
  <div
    class="mt-2"
  >
    <h5
      class="MuiTypography-root MuiTypography-h5"
    >
      Page Not Found
    </h5>
  </div>
</DocumentFragment>
`;
